// Jest Snapshot v1, https://goo.gl/fbAQLP

exports[`Snapshot 1`] = `
{
  "Parameters": {
    "BootstrapVersion": {
      "Default": "/cdk-bootstrap/hnb659fds/version",
      "Description": "Version of the CDK Bootstrap resources in this environment, automatically retrieved from SSM Parameter Store. [cdk:skip]",
      "Type": "AWS::SSM::Parameter::Value<String>",
    },
  },
  "Resources": {
    "CheckSecureSGPortsConfigRule206EE4A1": {
      "DependsOn": [
        "DetectInsecureSGPortsCustomRulePermissionbM1jVaicvRO9SDCiAbsQcYrOlESEtMwrrF9ZQQRvd5QB4F6FB5D",
        "DetectInsecureSGPortsAABEFA56",
        "DetectInsecureSGPortsServiceRole71C501C6",
      ],
      "Properties": {
        "Scope": {
          "ComplianceResourceTypes": [
            "AWS::EC2::SecurityGroup",
          ],
        },
        "Source": {
          "Owner": "CUSTOM_LAMBDA",
          "SourceDetails": [
            {
              "EventSource": "aws.config",
              "MessageType": "ConfigurationItemChangeNotification",
            },
            {
              "EventSource": "aws.config",
              "MessageType": "OversizedConfigurationItemChangeNotification",
            },
          ],
          "SourceIdentifier": {
            "Fn::GetAtt": [
              "DetectInsecureSGPortsAABEFA56",
              "Arn",
            ],
          },
        },
      },
      "Type": "AWS::Config::ConfigRule",
    },
    "CheckSecureSGPortsConfigRuleCheckSecureSGPortsNonCompliant5D8DC80D": {
      "DependsOn": [
        "DetectInsecureSGPortsCustomRulePermissionbM1jVaicvRO9SDCiAbsQcYrOlESEtMwrrF9ZQQRvd5QB4F6FB5D",
        "DetectInsecureSGPortsAABEFA56",
        "DetectInsecureSGPortsServiceRole71C501C6",
      ],
      "Properties": {
        "EventPattern": {
          "detail": {
            "configRuleName": [
              {
                "Ref": "CheckSecureSGPortsConfigRule206EE4A1",
              },
            ],
          },
          "detail-type": [
            "Config Rules Compliance Change",
          ],
          "source": [
            "aws.config",
          ],
        },
        "State": "ENABLED",
        "Targets": [
          {
            "Arn": {
              "Ref": "CheckSecureSGPortsTopicDE6AE55B",
            },
            "Id": "Target0",
          },
        ],
      },
      "Type": "AWS::Events::Rule",
    },
    "CheckSecureSGPortsTopicDE6AE55B": {
      "Type": "AWS::SNS::Topic",
    },
    "CheckSecureSGPortsTopicPolicyF9A4474E": {
      "Properties": {
        "PolicyDocument": {
          "Statement": [
            {
              "Action": "sns:Publish",
              "Effect": "Allow",
              "Principal": {
                "Service": "events.amazonaws.com",
              },
              "Resource": {
                "Ref": "CheckSecureSGPortsTopicDE6AE55B",
              },
              "Sid": "0",
            },
          ],
          "Version": "2012-10-17",
        },
        "Topics": [
          {
            "Ref": "CheckSecureSGPortsTopicDE6AE55B",
          },
        ],
      },
      "Type": "AWS::SNS::TopicPolicy",
    },
    "DeleteInsecureSG57F33CF7": {
      "DependsOn": [
        "DeleteInsecureSGServiceRoleEC150F2D",
      ],
      "Properties": {
        "Code": {
          "S3Bucket": {
            "Fn::Sub": "cdk-hnb659fds-assets-\${AWS::AccountId}-\${AWS::Region}",
          },
          "S3Key": "bdd46cf81502b762ac37dd61df6ac170f162c880e2e7bb76c7482ed179540d3a.zip",
        },
        "Environment": {
          "Variables": {
            "AWS_NODEJS_CONNECTION_REUSE_ENABLED": "1",
          },
        },
        "Handler": "index.handler",
        "Role": {
          "Fn::GetAtt": [
            "DeleteInsecureSGServiceRoleEC150F2D",
            "Arn",
          ],
        },
        "Runtime": "nodejs16.x",
      },
      "Type": "AWS::Lambda::Function",
    },
    "DeleteInsecureSGAllowInvoketestCheckSecureSGPortsTopic7AF1A33A377D85BA": {
      "Properties": {
        "Action": "lambda:InvokeFunction",
        "FunctionName": {
          "Fn::GetAtt": [
            "DeleteInsecureSG57F33CF7",
            "Arn",
          ],
        },
        "Principal": "sns.amazonaws.com",
        "SourceArn": {
          "Ref": "CheckSecureSGPortsTopicDE6AE55B",
        },
      },
      "Type": "AWS::Lambda::Permission",
    },
    "DeleteInsecureSGCheckSecureSGPortsTopicDFD97150": {
      "Properties": {
        "Endpoint": {
          "Fn::GetAtt": [
            "DeleteInsecureSG57F33CF7",
            "Arn",
          ],
        },
        "Protocol": "lambda",
        "TopicArn": {
          "Ref": "CheckSecureSGPortsTopicDE6AE55B",
        },
      },
      "Type": "AWS::SNS::Subscription",
    },
    "DeleteInsecureSGServiceRoleEC150F2D": {
      "Properties": {
        "AssumeRolePolicyDocument": {
          "Statement": [
            {
              "Action": "sts:AssumeRole",
              "Effect": "Allow",
              "Principal": {
                "Service": "lambda.amazonaws.com",
              },
            },
          ],
          "Version": "2012-10-17",
        },
        "ManagedPolicyArns": [
          {
            "Fn::Join": [
              "",
              [
                "arn:",
                {
                  "Ref": "AWS::Partition",
                },
                ":iam::aws:policy/service-role/AWSLambdaBasicExecutionRole",
              ],
            ],
          },
        ],
      },
      "Type": "AWS::IAM::Role",
    },
    "DetectInsecureSGPortsAABEFA56": {
      "DependsOn": [
        "DetectInsecureSGPortsServiceRole71C501C6",
      ],
      "Properties": {
        "Code": {
          "S3Bucket": {
            "Fn::Sub": "cdk-hnb659fds-assets-\${AWS::AccountId}-\${AWS::Region}",
          },
          "S3Key": "42495e7eda6f6a514b786ebd75ea1a9f458188bc2c51b46c195f1399b9c2f2ea.zip",
        },
        "Environment": {
          "Variables": {
            "AWS_NODEJS_CONNECTION_REUSE_ENABLED": "1",
          },
        },
        "Handler": "index.handler",
        "Role": {
          "Fn::GetAtt": [
            "DetectInsecureSGPortsServiceRole71C501C6",
            "Arn",
          ],
        },
        "Runtime": "nodejs16.x",
      },
      "Type": "AWS::Lambda::Function",
    },
    "DetectInsecureSGPortsCustomRulePermissionbM1jVaicvRO9SDCiAbsQcYrOlESEtMwrrF9ZQQRvd5QB4F6FB5D": {
      "Properties": {
        "Action": "lambda:InvokeFunction",
        "FunctionName": {
          "Fn::GetAtt": [
            "DetectInsecureSGPortsAABEFA56",
            "Arn",
          ],
        },
        "Principal": "config.amazonaws.com",
        "SourceAccount": {
          "Ref": "AWS::AccountId",
        },
      },
      "Type": "AWS::Lambda::Permission",
    },
    "DetectInsecureSGPortsServiceRole71C501C6": {
      "Properties": {
        "AssumeRolePolicyDocument": {
          "Statement": [
            {
              "Action": "sts:AssumeRole",
              "Effect": "Allow",
              "Principal": {
                "Service": "lambda.amazonaws.com",
              },
            },
          ],
          "Version": "2012-10-17",
        },
        "ManagedPolicyArns": [
          {
            "Fn::Join": [
              "",
              [
                "arn:",
                {
                  "Ref": "AWS::Partition",
                },
                ":iam::aws:policy/service-role/AWSLambdaBasicExecutionRole",
              ],
            ],
          },
          {
            "Fn::Join": [
              "",
              [
                "arn:",
                {
                  "Ref": "AWS::Partition",
                },
                ":iam::aws:policy/service-role/AWSConfigRulesExecutionRole",
              ],
            ],
          },
        ],
      },
      "Type": "AWS::IAM::Role",
    },
  },
  "Rules": {
    "CheckBootstrapVersion": {
      "Assertions": [
        {
          "Assert": {
            "Fn::Not": [
              {
                "Fn::Contains": [
                  [
                    "1",
                    "2",
                    "3",
                    "4",
                    "5",
                  ],
                  {
                    "Ref": "BootstrapVersion",
                  },
                ],
              },
            ],
          },
          "AssertDescription": "CDK bootstrap stack version 6 required. Please run 'cdk bootstrap' with a recent version of the CDK CLI.",
        },
      ],
    },
  },
}
`;
